

================================================================
== Vitis HLS Report for 'cnn_block'
================================================================
* Date:           Fri May 30 09:33:56 2025

* Version:        2024.2 (Build 5238294 on Nov  8 2024)
* Project:        cnn_block
* Solution:       hls (Vivado IP Flow Target)
* Product family: aartix7
* Target device:  xa7a12t-cpg238-2I


================================================================
== Performance Estimates
================================================================
+ Timing: 
    * Summary: 
    +--------+----------+----------+------------+
    |  Clock |  Target  | Estimated| Uncertainty|
    +--------+----------+----------+------------+
    |ap_clk  |  10.00 ns|  8.178 ns|     2.70 ns|
    +--------+----------+----------+------------+

+ Latency: 
    * Summary: 
    +---------+---------+----------+----------+-----+-----+---------+
    |  Latency (cycles) |  Latency (absolute) |  Interval | Pipeline|
    |   min   |   max   |    min   |    max   | min | max |   Type  |
    +---------+---------+----------+----------+-----+-----+---------+
    |       95|       95|  0.950 us|  0.950 us|   32|   32|      yes|
    +---------+---------+----------+----------+-----+-----+---------+

    + Detail: 
        * Instance: 
        N/A

        * Loop: 
        N/A



================================================================
== Utilization Estimates
================================================================
* Summary: 
+-----------------+---------+-----+-------+------+-----+
|       Name      | BRAM_18K| DSP |   FF  |  LUT | URAM|
+-----------------+---------+-----+-------+------+-----+
|DSP              |        -|    -|      -|     -|    -|
|Expression       |        -|    -|      0|  6428|    -|
|FIFO             |        -|    -|      -|     -|    -|
|Instance         |        -|   55|   3828|  3707|    -|
|Memory           |        -|    -|      -|     -|    -|
|Multiplexer      |        -|    -|      0|  5383|    -|
|Register         |        -|    -|  14115|     -|    -|
+-----------------+---------+-----+-------+------+-----+
|Total            |        0|   55|  17943| 15518|    0|
+-----------------+---------+-----+-------+------+-----+
|Available        |       40|   40|  16000|  8000|    0|
+-----------------+---------+-----+-------+------+-----+
|Utilization (%)  |        0|  137|    112|   193|    0|
+-----------------+---------+-----+-------+------+-----+

+ Detail: 
    * Instance: 
    +------------------------------------+--------------------------------+---------+----+-----+-----+-----+
    |              Instance              |             Module             | BRAM_18K| DSP|  FF | LUT | URAM|
    +------------------------------------+--------------------------------+---------+----+-----+-----+-----+
    |fadd_32ns_32ns_32_5_full_dsp_1_U1   |fadd_32ns_32ns_32_5_full_dsp_1  |        0|   2|  205|  203|    0|
    |fadd_32ns_32ns_32_5_full_dsp_1_U2   |fadd_32ns_32ns_32_5_full_dsp_1  |        0|   2|  205|  203|    0|
    |fadd_32ns_32ns_32_5_full_dsp_1_U3   |fadd_32ns_32ns_32_5_full_dsp_1  |        0|   2|  205|  203|    0|
    |fadd_32ns_32ns_32_5_full_dsp_1_U4   |fadd_32ns_32ns_32_5_full_dsp_1  |        0|   2|  205|  203|    0|
    |fadd_32ns_32ns_32_5_full_dsp_1_U5   |fadd_32ns_32ns_32_5_full_dsp_1  |        0|   2|  205|  203|    0|
    |fadd_32ns_32ns_32_5_full_dsp_1_U6   |fadd_32ns_32ns_32_5_full_dsp_1  |        0|   2|  205|  203|    0|
    |fadd_32ns_32ns_32_5_full_dsp_1_U7   |fadd_32ns_32ns_32_5_full_dsp_1  |        0|   2|  205|  203|    0|
    |fadd_32ns_32ns_32_5_full_dsp_1_U8   |fadd_32ns_32ns_32_5_full_dsp_1  |        0|   2|  205|  203|    0|
    |fadd_32ns_32ns_32_5_full_dsp_1_U9   |fadd_32ns_32ns_32_5_full_dsp_1  |        0|   2|  205|  203|    0|
    |fadd_32ns_32ns_32_5_full_dsp_1_U10  |fadd_32ns_32ns_32_5_full_dsp_1  |        0|   2|  205|  203|    0|
    |fadd_32ns_32ns_32_5_full_dsp_1_U11  |fadd_32ns_32ns_32_5_full_dsp_1  |        0|   2|  205|  203|    0|
    |fcmp_32ns_32ns_1_2_no_dsp_1_U23     |fcmp_32ns_32ns_1_2_no_dsp_1     |        0|   0|    0|    0|    0|
    |fcmp_32ns_32ns_1_2_no_dsp_1_U24     |fcmp_32ns_32ns_1_2_no_dsp_1     |        0|   0|    0|    0|    0|
    |fmul_32ns_32ns_32_4_max_dsp_1_U12   |fmul_32ns_32ns_32_4_max_dsp_1   |        0|   3|  143|  134|    0|
    |fmul_32ns_32ns_32_4_max_dsp_1_U13   |fmul_32ns_32ns_32_4_max_dsp_1   |        0|   3|  143|  134|    0|
    |fmul_32ns_32ns_32_4_max_dsp_1_U14   |fmul_32ns_32ns_32_4_max_dsp_1   |        0|   3|  143|  134|    0|
    |fmul_32ns_32ns_32_4_max_dsp_1_U15   |fmul_32ns_32ns_32_4_max_dsp_1   |        0|   3|  143|  134|    0|
    |fmul_32ns_32ns_32_4_max_dsp_1_U16   |fmul_32ns_32ns_32_4_max_dsp_1   |        0|   3|  143|  134|    0|
    |fmul_32ns_32ns_32_4_max_dsp_1_U17   |fmul_32ns_32ns_32_4_max_dsp_1   |        0|   3|  143|  134|    0|
    |fmul_32ns_32ns_32_4_max_dsp_1_U18   |fmul_32ns_32ns_32_4_max_dsp_1   |        0|   3|  143|  134|    0|
    |fmul_32ns_32ns_32_4_max_dsp_1_U19   |fmul_32ns_32ns_32_4_max_dsp_1   |        0|   3|  143|  134|    0|
    |fmul_32ns_32ns_32_4_max_dsp_1_U20   |fmul_32ns_32ns_32_4_max_dsp_1   |        0|   3|  143|  134|    0|
    |fmul_32ns_32ns_32_4_max_dsp_1_U21   |fmul_32ns_32ns_32_4_max_dsp_1   |        0|   3|  143|  134|    0|
    |fmul_32ns_32ns_32_4_max_dsp_1_U22   |fmul_32ns_32ns_32_4_max_dsp_1   |        0|   3|  143|  134|    0|
    +------------------------------------+--------------------------------+---------+----+-----+-----+-----+
    |Total                               |                                |        0|  55| 3828| 3707|    0|
    +------------------------------------+--------------------------------+---------+----+-----+-----+-----+

    * DSP: 
    N/A

    * Memory: 
    N/A

    * FIFO: 
    N/A

    * Expression: 
    +--------------------------+----------+----+---+----+------------+------------+
    |       Variable Name      | Operation| DSP| FF| LUT| Bitwidth P0| Bitwidth P1|
    +--------------------------+----------+----+---+----+------------+------------+
    |and_ln23_10_fu_3744_p2    |       and|   0|  0|   2|           1|           1|
    |and_ln23_11_fu_4632_p2    |       and|   0|  0|   2|           1|           1|
    |and_ln23_12_fu_2550_p2    |       and|   0|  0|   2|           1|           1|
    |and_ln23_13_fu_2738_p2    |       and|   0|  0|   2|           1|           1|
    |and_ln23_14_fu_2788_p2    |       and|   0|  0|   2|           1|           1|
    |and_ln23_15_fu_2837_p2    |       and|   0|  0|   2|           1|           1|
    |and_ln23_16_fu_3200_p2    |       and|   0|  0|   2|           1|           1|
    |and_ln23_17_fu_3400_p2    |       and|   0|  0|   2|           1|           1|
    |and_ln23_18_fu_3794_p2    |       and|   0|  0|   2|           1|           1|
    |and_ln23_19_fu_4682_p2    |       and|   0|  0|   2|           1|           1|
    |and_ln23_1_fu_2450_p2     |       and|   0|  0|   2|           1|           1|
    |and_ln23_20_fu_3843_p2    |       and|   0|  0|   2|           1|           1|
    |and_ln23_21_fu_4732_p2    |       and|   0|  0|   2|           1|           1|
    |and_ln23_22_fu_3892_p2    |       and|   0|  0|   2|           1|           1|
    |and_ln23_23_fu_4782_p2    |       and|   0|  0|   2|           1|           1|
    |and_ln23_24_fu_3250_p2    |       and|   0|  0|   2|           1|           1|
    |and_ln23_25_fu_3300_p2    |       and|   0|  0|   2|           1|           1|
    |and_ln23_26_fu_3449_p2    |       and|   0|  0|   2|           1|           1|
    |and_ln23_27_fu_3498_p2    |       and|   0|  0|   2|           1|           1|
    |and_ln23_28_fu_3547_p2    |       and|   0|  0|   2|           1|           1|
    |and_ln23_29_fu_3596_p2    |       and|   0|  0|   2|           1|           1|
    |and_ln23_2_fu_2500_p2     |       and|   0|  0|   2|           1|           1|
    |and_ln23_30_fu_3942_p2    |       and|   0|  0|   2|           1|           1|
    |and_ln23_31_fu_4832_p2    |       and|   0|  0|   2|           1|           1|
    |and_ln23_32_fu_3992_p2    |       and|   0|  0|   2|           1|           1|
    |and_ln23_33_fu_4882_p2    |       and|   0|  0|   2|           1|           1|
    |and_ln23_34_fu_4042_p2    |       and|   0|  0|   2|           1|           1|
    |and_ln23_35_fu_4932_p2    |       and|   0|  0|   2|           1|           1|
    |and_ln23_3_fu_2688_p2     |       and|   0|  0|   2|           1|           1|
    |and_ln23_4_fu_3150_p2     |       and|   0|  0|   2|           1|           1|
    |and_ln23_5_fu_3350_p2     |       and|   0|  0|   2|           1|           1|
    |and_ln23_6_fu_3645_p2     |       and|   0|  0|   2|           1|           1|
    |and_ln23_7_fu_4532_p2     |       and|   0|  0|   2|           1|           1|
    |and_ln23_8_fu_3694_p2     |       and|   0|  0|   2|           1|           1|
    |and_ln23_9_fu_4582_p2     |       and|   0|  0|   2|           1|           1|
    |and_ln23_fu_2400_p2       |       and|   0|  0|   2|           1|           1|
    |and_ln34_10_fu_5900_p2    |       and|   0|  0|   2|           1|           1|
    |and_ln34_11_fu_5906_p2    |       and|   0|  0|   2|           1|           1|
    |and_ln34_12_fu_4126_p2    |       and|   0|  0|   2|           1|           1|
    |and_ln34_13_fu_4132_p2    |       and|   0|  0|   2|           1|           1|
    |and_ln34_14_fu_5192_p2    |       and|   0|  0|   2|           1|           1|
    |and_ln34_15_fu_5198_p2    |       and|   0|  0|   2|           1|           1|
    |and_ln34_16_fu_5988_p2    |       and|   0|  0|   2|           1|           1|
    |and_ln34_17_fu_5994_p2    |       and|   0|  0|   2|           1|           1|
    |and_ln34_18_fu_3008_p2    |       and|   0|  0|   2|           1|           1|
    |and_ln34_19_fu_3014_p2    |       and|   0|  0|   2|           1|           1|
    |and_ln34_1_fu_2640_p2     |       and|   0|  0|   2|           1|           1|
    |and_ln34_20_fu_5280_p2    |       and|   0|  0|   2|           1|           1|
    |and_ln34_21_fu_5286_p2    |       and|   0|  0|   2|           1|           1|
    |and_ln34_22_fu_6084_p2    |       and|   0|  0|   2|           1|           1|
    |and_ln34_23_fu_6090_p2    |       and|   0|  0|   2|           1|           1|
    |and_ln34_24_fu_3096_p2    |       and|   0|  0|   2|           1|           1|
    |and_ln34_25_fu_3102_p2    |       and|   0|  0|   2|           1|           1|
    |and_ln34_26_fu_5368_p2    |       and|   0|  0|   2|           1|           1|
    |and_ln34_27_fu_5374_p2    |       and|   0|  0|   2|           1|           1|
    |and_ln34_28_fu_6172_p2    |       and|   0|  0|   2|           1|           1|
    |and_ln34_29_fu_6178_p2    |       and|   0|  0|   2|           1|           1|
    |and_ln34_2_fu_5016_p2     |       and|   0|  0|   2|           1|           1|
    |and_ln34_30_fu_4214_p2    |       and|   0|  0|   2|           1|           1|
    |and_ln34_31_fu_4220_p2    |       and|   0|  0|   2|           1|           1|
    |and_ln34_32_fu_5456_p2    |       and|   0|  0|   2|           1|           1|
    |and_ln34_33_fu_5462_p2    |       and|   0|  0|   2|           1|           1|
    |and_ln34_34_fu_6268_p2    |       and|   0|  0|   2|           1|           1|
    |and_ln34_35_fu_6274_p2    |       and|   0|  0|   2|           1|           1|
    |and_ln34_36_fu_4302_p2    |       and|   0|  0|   2|           1|           1|
    |and_ln34_37_fu_4308_p2    |       and|   0|  0|   2|           1|           1|
    |and_ln34_38_fu_5544_p2    |       and|   0|  0|   2|           1|           1|
    |and_ln34_39_fu_5550_p2    |       and|   0|  0|   2|           1|           1|
    |and_ln34_3_fu_5022_p2     |       and|   0|  0|   2|           1|           1|
    |and_ln34_40_fu_6356_p2    |       and|   0|  0|   2|           1|           1|
    |and_ln34_41_fu_6362_p2    |       and|   0|  0|   2|           1|           1|
    |and_ln34_42_fu_4390_p2    |       and|   0|  0|   2|           1|           1|
    |and_ln34_43_fu_4396_p2    |       and|   0|  0|   2|           1|           1|
    |and_ln34_44_fu_5632_p2    |       and|   0|  0|   2|           1|           1|
    |and_ln34_45_fu_5638_p2    |       and|   0|  0|   2|           1|           1|
    |and_ln34_46_fu_6452_p2    |       and|   0|  0|   2|           1|           1|
    |and_ln34_47_fu_6458_p2    |       and|   0|  0|   2|           1|           1|
    |and_ln34_48_fu_4478_p2    |       and|   0|  0|   2|           1|           1|
    |and_ln34_49_fu_4484_p2    |       and|   0|  0|   2|           1|           1|
    |and_ln34_4_fu_5808_p2     |       and|   0|  0|   2|           1|           1|
    |and_ln34_50_fu_5720_p2    |       and|   0|  0|   2|           1|           1|
    |and_ln34_51_fu_5726_p2    |       and|   0|  0|   2|           1|           1|
    |and_ln34_52_fu_6544_p2    |       and|   0|  0|   2|           1|           1|
    |and_ln34_53_fu_6550_p2    |       and|   0|  0|   2|           1|           1|
    |and_ln34_5_fu_5814_p2     |       and|   0|  0|   2|           1|           1|
    |and_ln34_6_fu_2920_p2     |       and|   0|  0|   2|           1|           1|
    |and_ln34_7_fu_2926_p2     |       and|   0|  0|   2|           1|           1|
    |and_ln34_8_fu_5104_p2     |       and|   0|  0|   2|           1|           1|
    |and_ln34_9_fu_5110_p2     |       and|   0|  0|   2|           1|           1|
    |and_ln34_fu_2634_p2       |       and|   0|  0|   2|           1|           1|
    |icmp_ln23_10_fu_3332_p2   |      icmp|   0|  0|  15|           8|           2|
    |icmp_ln23_11_fu_3338_p2   |      icmp|   0|  0|  30|          23|           1|
    |icmp_ln23_12_fu_3627_p2   |      icmp|   0|  0|  15|           8|           2|
    |icmp_ln23_13_fu_3633_p2   |      icmp|   0|  0|  30|          23|           1|
    |icmp_ln23_14_fu_4514_p2   |      icmp|   0|  0|  15|           8|           2|
    |icmp_ln23_15_fu_4520_p2   |      icmp|   0|  0|  30|          23|           1|
    |icmp_ln23_16_fu_3676_p2   |      icmp|   0|  0|  15|           8|           2|
    |icmp_ln23_17_fu_3682_p2   |      icmp|   0|  0|  30|          23|           1|
    |icmp_ln23_18_fu_4564_p2   |      icmp|   0|  0|  15|           8|           2|
    |icmp_ln23_19_fu_4570_p2   |      icmp|   0|  0|  30|          23|           1|
    |icmp_ln23_1_fu_2388_p2    |      icmp|   0|  0|  30|          23|           1|
    |icmp_ln23_20_fu_3726_p2   |      icmp|   0|  0|  15|           8|           2|
    |icmp_ln23_21_fu_3732_p2   |      icmp|   0|  0|  30|          23|           1|
    |icmp_ln23_22_fu_4614_p2   |      icmp|   0|  0|  15|           8|           2|
    |icmp_ln23_23_fu_4620_p2   |      icmp|   0|  0|  30|          23|           1|
    |icmp_ln23_24_fu_2532_p2   |      icmp|   0|  0|  15|           8|           2|
    |icmp_ln23_25_fu_2538_p2   |      icmp|   0|  0|  30|          23|           1|
    |icmp_ln23_26_fu_2720_p2   |      icmp|   0|  0|  15|           8|           2|
    |icmp_ln23_27_fu_2726_p2   |      icmp|   0|  0|  30|          23|           1|
    |icmp_ln23_28_fu_2770_p2   |      icmp|   0|  0|  15|           8|           2|
    |icmp_ln23_29_fu_2776_p2   |      icmp|   0|  0|  30|          23|           1|
    |icmp_ln23_2_fu_2432_p2    |      icmp|   0|  0|  15|           8|           2|
    |icmp_ln23_30_fu_2819_p2   |      icmp|   0|  0|  15|           8|           2|
    |icmp_ln23_31_fu_2825_p2   |      icmp|   0|  0|  30|          23|           1|
    |icmp_ln23_32_fu_3182_p2   |      icmp|   0|  0|  15|           8|           2|
    |icmp_ln23_33_fu_3188_p2   |      icmp|   0|  0|  30|          23|           1|
    |icmp_ln23_34_fu_3382_p2   |      icmp|   0|  0|  15|           8|           2|
    |icmp_ln23_35_fu_3388_p2   |      icmp|   0|  0|  30|          23|           1|
    |icmp_ln23_36_fu_3776_p2   |      icmp|   0|  0|  15|           8|           2|
    |icmp_ln23_37_fu_3782_p2   |      icmp|   0|  0|  30|          23|           1|
    |icmp_ln23_38_fu_4664_p2   |      icmp|   0|  0|  15|           8|           2|
    |icmp_ln23_39_fu_4670_p2   |      icmp|   0|  0|  30|          23|           1|
    |icmp_ln23_3_fu_2438_p2    |      icmp|   0|  0|  30|          23|           1|
    |icmp_ln23_40_fu_3825_p2   |      icmp|   0|  0|  15|           8|           2|
    |icmp_ln23_41_fu_3831_p2   |      icmp|   0|  0|  30|          23|           1|
    |icmp_ln23_42_fu_4714_p2   |      icmp|   0|  0|  15|           8|           2|
    |icmp_ln23_43_fu_4720_p2   |      icmp|   0|  0|  30|          23|           1|
    |icmp_ln23_44_fu_3874_p2   |      icmp|   0|  0|  15|           8|           2|
    |icmp_ln23_45_fu_3880_p2   |      icmp|   0|  0|  30|          23|           1|
    |icmp_ln23_46_fu_4764_p2   |      icmp|   0|  0|  15|           8|           2|
    |icmp_ln23_47_fu_4770_p2   |      icmp|   0|  0|  30|          23|           1|
    |icmp_ln23_48_fu_3232_p2   |      icmp|   0|  0|  15|           8|           2|
    |icmp_ln23_49_fu_3238_p2   |      icmp|   0|  0|  30|          23|           1|
    |icmp_ln23_4_fu_2482_p2    |      icmp|   0|  0|  15|           8|           2|
    |icmp_ln23_50_fu_3282_p2   |      icmp|   0|  0|  15|           8|           2|
    |icmp_ln23_51_fu_3288_p2   |      icmp|   0|  0|  30|          23|           1|
    |icmp_ln23_52_fu_3431_p2   |      icmp|   0|  0|  15|           8|           2|
    |icmp_ln23_53_fu_3437_p2   |      icmp|   0|  0|  30|          23|           1|
    |icmp_ln23_54_fu_3480_p2   |      icmp|   0|  0|  15|           8|           2|
    |icmp_ln23_55_fu_3486_p2   |      icmp|   0|  0|  30|          23|           1|
    |icmp_ln23_56_fu_3529_p2   |      icmp|   0|  0|  15|           8|           2|
    |icmp_ln23_57_fu_3535_p2   |      icmp|   0|  0|  30|          23|           1|
    |icmp_ln23_58_fu_3578_p2   |      icmp|   0|  0|  15|           8|           2|
    |icmp_ln23_59_fu_3584_p2   |      icmp|   0|  0|  30|          23|           1|
    |icmp_ln23_5_fu_2488_p2    |      icmp|   0|  0|  30|          23|           1|
    |icmp_ln23_60_fu_3924_p2   |      icmp|   0|  0|  15|           8|           2|
    |icmp_ln23_61_fu_3930_p2   |      icmp|   0|  0|  30|          23|           1|
    |icmp_ln23_62_fu_4814_p2   |      icmp|   0|  0|  15|           8|           2|
    |icmp_ln23_63_fu_4820_p2   |      icmp|   0|  0|  30|          23|           1|
    |icmp_ln23_64_fu_3974_p2   |      icmp|   0|  0|  15|           8|           2|
    |icmp_ln23_65_fu_3980_p2   |      icmp|   0|  0|  30|          23|           1|
    |icmp_ln23_66_fu_4864_p2   |      icmp|   0|  0|  15|           8|           2|
    |icmp_ln23_67_fu_4870_p2   |      icmp|   0|  0|  30|          23|           1|
    |icmp_ln23_68_fu_4024_p2   |      icmp|   0|  0|  15|           8|           2|
    |icmp_ln23_69_fu_4030_p2   |      icmp|   0|  0|  30|          23|           1|
    |icmp_ln23_6_fu_2670_p2    |      icmp|   0|  0|  15|           8|           2|
    |icmp_ln23_70_fu_4914_p2   |      icmp|   0|  0|  15|           8|           2|
    |icmp_ln23_71_fu_4920_p2   |      icmp|   0|  0|  30|          23|           1|
    |icmp_ln23_7_fu_2676_p2    |      icmp|   0|  0|  30|          23|           1|
    |icmp_ln23_8_fu_3132_p2    |      icmp|   0|  0|  15|           8|           2|
    |icmp_ln23_9_fu_3138_p2    |      icmp|   0|  0|  30|          23|           1|
    |icmp_ln23_fu_2382_p2      |      icmp|   0|  0|  15|           8|           2|
    |icmp_ln34_100_fu_5684_p2  |      icmp|   0|  0|  15|           8|           2|
    |icmp_ln34_101_fu_5690_p2  |      icmp|   0|  0|  30|          23|           1|
    |icmp_ln34_102_fu_5702_p2  |      icmp|   0|  0|  15|           8|           2|
    |icmp_ln34_103_fu_5708_p2  |      icmp|   0|  0|  30|          23|           1|
    |icmp_ln34_104_fu_6508_p2  |      icmp|   0|  0|  15|           8|           2|
    |icmp_ln34_105_fu_6514_p2  |      icmp|   0|  0|  30|          23|           1|
    |icmp_ln34_106_fu_6526_p2  |      icmp|   0|  0|  15|           8|           2|
    |icmp_ln34_107_fu_6532_p2  |      icmp|   0|  0|  30|          23|           1|
    |icmp_ln34_10_fu_5790_p2   |      icmp|   0|  0|  15|           8|           2|
    |icmp_ln34_11_fu_5796_p2   |      icmp|   0|  0|  30|          23|           1|
    |icmp_ln34_12_fu_2884_p2   |      icmp|   0|  0|  15|           8|           2|
    |icmp_ln34_13_fu_2890_p2   |      icmp|   0|  0|  30|          23|           1|
    |icmp_ln34_14_fu_2902_p2   |      icmp|   0|  0|  15|           8|           2|
    |icmp_ln34_15_fu_2908_p2   |      icmp|   0|  0|  30|          23|           1|
    |icmp_ln34_16_fu_5068_p2   |      icmp|   0|  0|  15|           8|           2|
    |icmp_ln34_17_fu_5074_p2   |      icmp|   0|  0|  30|          23|           1|
    |icmp_ln34_18_fu_5086_p2   |      icmp|   0|  0|  15|           8|           2|
    |icmp_ln34_19_fu_5092_p2   |      icmp|   0|  0|  30|          23|           1|
    |icmp_ln34_1_fu_2604_p2    |      icmp|   0|  0|  30|          23|           1|
    |icmp_ln34_20_fu_5864_p2   |      icmp|   0|  0|  15|           8|           2|
    |icmp_ln34_21_fu_5870_p2   |      icmp|   0|  0|  30|          23|           1|
    |icmp_ln34_22_fu_5882_p2   |      icmp|   0|  0|  15|           8|           2|
    |icmp_ln34_23_fu_5888_p2   |      icmp|   0|  0|  30|          23|           1|
    |icmp_ln34_24_fu_4090_p2   |      icmp|   0|  0|  15|           8|           2|
    |icmp_ln34_25_fu_4096_p2   |      icmp|   0|  0|  30|          23|           1|
    |icmp_ln34_26_fu_4108_p2   |      icmp|   0|  0|  15|           8|           2|
    |icmp_ln34_27_fu_4114_p2   |      icmp|   0|  0|  30|          23|           1|
    |icmp_ln34_28_fu_5156_p2   |      icmp|   0|  0|  15|           8|           2|
    |icmp_ln34_29_fu_5162_p2   |      icmp|   0|  0|  30|          23|           1|
    |icmp_ln34_2_fu_2616_p2    |      icmp|   0|  0|  15|           8|           2|
    |icmp_ln34_30_fu_5174_p2   |      icmp|   0|  0|  15|           8|           2|
    |icmp_ln34_31_fu_5180_p2   |      icmp|   0|  0|  30|          23|           1|
    |icmp_ln34_32_fu_5952_p2   |      icmp|   0|  0|  15|           8|           2|
    |icmp_ln34_33_fu_5958_p2   |      icmp|   0|  0|  30|          23|           1|
    |icmp_ln34_34_fu_5970_p2   |      icmp|   0|  0|  15|           8|           2|
    |icmp_ln34_35_fu_5976_p2   |      icmp|   0|  0|  30|          23|           1|
    |icmp_ln34_36_fu_2972_p2   |      icmp|   0|  0|  15|           8|           2|
    |icmp_ln34_37_fu_2978_p2   |      icmp|   0|  0|  30|          23|           1|
    |icmp_ln34_38_fu_2990_p2   |      icmp|   0|  0|  15|           8|           2|
    |icmp_ln34_39_fu_2996_p2   |      icmp|   0|  0|  30|          23|           1|
    |icmp_ln34_3_fu_2622_p2    |      icmp|   0|  0|  30|          23|           1|
    |icmp_ln34_40_fu_5244_p2   |      icmp|   0|  0|  15|           8|           2|
    |icmp_ln34_41_fu_5250_p2   |      icmp|   0|  0|  30|          23|           1|
    |icmp_ln34_42_fu_5262_p2   |      icmp|   0|  0|  15|           8|           2|
    |icmp_ln34_43_fu_5268_p2   |      icmp|   0|  0|  30|          23|           1|
    |icmp_ln34_44_fu_6048_p2   |      icmp|   0|  0|  15|           8|           2|
    |icmp_ln34_45_fu_6054_p2   |      icmp|   0|  0|  30|          23|           1|
    |icmp_ln34_46_fu_6066_p2   |      icmp|   0|  0|  15|           8|           2|
    |icmp_ln34_47_fu_6072_p2   |      icmp|   0|  0|  30|          23|           1|
    |icmp_ln34_48_fu_3060_p2   |      icmp|   0|  0|  15|           8|           2|
    |icmp_ln34_49_fu_3066_p2   |      icmp|   0|  0|  30|          23|           1|
    |icmp_ln34_4_fu_4980_p2    |      icmp|   0|  0|  15|           8|           2|
    |icmp_ln34_50_fu_3078_p2   |      icmp|   0|  0|  15|           8|           2|
    |icmp_ln34_51_fu_3084_p2   |      icmp|   0|  0|  30|          23|           1|
    |icmp_ln34_52_fu_5332_p2   |      icmp|   0|  0|  15|           8|           2|
    |icmp_ln34_53_fu_5338_p2   |      icmp|   0|  0|  30|          23|           1|
    |icmp_ln34_54_fu_5350_p2   |      icmp|   0|  0|  15|           8|           2|
    |icmp_ln34_55_fu_5356_p2   |      icmp|   0|  0|  30|          23|           1|
    |icmp_ln34_56_fu_6136_p2   |      icmp|   0|  0|  15|           8|           2|
    |icmp_ln34_57_fu_6142_p2   |      icmp|   0|  0|  30|          23|           1|
    |icmp_ln34_58_fu_6154_p2   |      icmp|   0|  0|  15|           8|           2|
    |icmp_ln34_59_fu_6160_p2   |      icmp|   0|  0|  30|          23|           1|
    |icmp_ln34_5_fu_4986_p2    |      icmp|   0|  0|  30|          23|           1|
    |icmp_ln34_60_fu_4178_p2   |      icmp|   0|  0|  15|           8|           2|
    |icmp_ln34_61_fu_4184_p2   |      icmp|   0|  0|  30|          23|           1|
    |icmp_ln34_62_fu_4196_p2   |      icmp|   0|  0|  15|           8|           2|
    |icmp_ln34_63_fu_4202_p2   |      icmp|   0|  0|  30|          23|           1|
    |icmp_ln34_64_fu_5420_p2   |      icmp|   0|  0|  15|           8|           2|
    |icmp_ln34_65_fu_5426_p2   |      icmp|   0|  0|  30|          23|           1|
    |icmp_ln34_66_fu_5438_p2   |      icmp|   0|  0|  15|           8|           2|
    |icmp_ln34_67_fu_5444_p2   |      icmp|   0|  0|  30|          23|           1|
    |icmp_ln34_68_fu_6232_p2   |      icmp|   0|  0|  15|           8|           2|
    |icmp_ln34_69_fu_6238_p2   |      icmp|   0|  0|  30|          23|           1|
    |icmp_ln34_6_fu_4998_p2    |      icmp|   0|  0|  15|           8|           2|
    |icmp_ln34_70_fu_6250_p2   |      icmp|   0|  0|  15|           8|           2|
    |icmp_ln34_71_fu_6256_p2   |      icmp|   0|  0|  30|          23|           1|
    |icmp_ln34_72_fu_4266_p2   |      icmp|   0|  0|  15|           8|           2|
    |icmp_ln34_73_fu_4272_p2   |      icmp|   0|  0|  30|          23|           1|
    |icmp_ln34_74_fu_4284_p2   |      icmp|   0|  0|  15|           8|           2|
    |icmp_ln34_75_fu_4290_p2   |      icmp|   0|  0|  30|          23|           1|
    |icmp_ln34_76_fu_5508_p2   |      icmp|   0|  0|  15|           8|           2|
    |icmp_ln34_77_fu_5514_p2   |      icmp|   0|  0|  30|          23|           1|
    |icmp_ln34_78_fu_5526_p2   |      icmp|   0|  0|  15|           8|           2|
    |icmp_ln34_79_fu_5532_p2   |      icmp|   0|  0|  30|          23|           1|
    |icmp_ln34_7_fu_5004_p2    |      icmp|   0|  0|  30|          23|           1|
    |icmp_ln34_80_fu_6320_p2   |      icmp|   0|  0|  15|           8|           2|
    |icmp_ln34_81_fu_6326_p2   |      icmp|   0|  0|  30|          23|           1|
    |icmp_ln34_82_fu_6338_p2   |      icmp|   0|  0|  15|           8|           2|
    |icmp_ln34_83_fu_6344_p2   |      icmp|   0|  0|  30|          23|           1|
    |icmp_ln34_84_fu_4354_p2   |      icmp|   0|  0|  15|           8|           2|
    |icmp_ln34_85_fu_4360_p2   |      icmp|   0|  0|  30|          23|           1|
    |icmp_ln34_86_fu_4372_p2   |      icmp|   0|  0|  15|           8|           2|
    |icmp_ln34_87_fu_4378_p2   |      icmp|   0|  0|  30|          23|           1|
    |icmp_ln34_88_fu_5596_p2   |      icmp|   0|  0|  15|           8|           2|
    |icmp_ln34_89_fu_5602_p2   |      icmp|   0|  0|  30|          23|           1|
    |icmp_ln34_8_fu_5772_p2    |      icmp|   0|  0|  15|           8|           2|
    |icmp_ln34_90_fu_5614_p2   |      icmp|   0|  0|  15|           8|           2|
    |icmp_ln34_91_fu_5620_p2   |      icmp|   0|  0|  30|          23|           1|
    |icmp_ln34_92_fu_6416_p2   |      icmp|   0|  0|  15|           8|           2|
    |icmp_ln34_93_fu_6422_p2   |      icmp|   0|  0|  30|          23|           1|
    |icmp_ln34_94_fu_6434_p2   |      icmp|   0|  0|  15|           8|           2|
    |icmp_ln34_95_fu_6440_p2   |      icmp|   0|  0|  30|          23|           1|
    |icmp_ln34_96_fu_4442_p2   |      icmp|   0|  0|  15|           8|           2|
    |icmp_ln34_97_fu_4448_p2   |      icmp|   0|  0|  30|          23|           1|
    |icmp_ln34_98_fu_4460_p2   |      icmp|   0|  0|  15|           8|           2|
    |icmp_ln34_99_fu_4466_p2   |      icmp|   0|  0|  30|          23|           1|
    |icmp_ln34_9_fu_5778_p2    |      icmp|   0|  0|  30|          23|           1|
    |icmp_ln34_fu_2598_p2      |      icmp|   0|  0|  15|           8|           2|
    |or_ln23_10_fu_3738_p2     |        or|   0|  0|   2|           1|           1|
    |or_ln23_11_fu_4626_p2     |        or|   0|  0|   2|           1|           1|
    |or_ln23_12_fu_2544_p2     |        or|   0|  0|   2|           1|           1|
    |or_ln23_13_fu_2732_p2     |        or|   0|  0|   2|           1|           1|
    |or_ln23_14_fu_2782_p2     |        or|   0|  0|   2|           1|           1|
    |or_ln23_15_fu_2831_p2     |        or|   0|  0|   2|           1|           1|
    |or_ln23_16_fu_3194_p2     |        or|   0|  0|   2|           1|           1|
    |or_ln23_17_fu_3394_p2     |        or|   0|  0|   2|           1|           1|
    |or_ln23_18_fu_3788_p2     |        or|   0|  0|   2|           1|           1|
    |or_ln23_19_fu_4676_p2     |        or|   0|  0|   2|           1|           1|
    |or_ln23_1_fu_2444_p2      |        or|   0|  0|   2|           1|           1|
    |or_ln23_20_fu_3837_p2     |        or|   0|  0|   2|           1|           1|
    |or_ln23_21_fu_4726_p2     |        or|   0|  0|   2|           1|           1|
    |or_ln23_22_fu_3886_p2     |        or|   0|  0|   2|           1|           1|
    |or_ln23_23_fu_4776_p2     |        or|   0|  0|   2|           1|           1|
    |or_ln23_24_fu_3244_p2     |        or|   0|  0|   2|           1|           1|
    |or_ln23_25_fu_3294_p2     |        or|   0|  0|   2|           1|           1|
    |or_ln23_26_fu_3443_p2     |        or|   0|  0|   2|           1|           1|
    |or_ln23_27_fu_3492_p2     |        or|   0|  0|   2|           1|           1|
    |or_ln23_28_fu_3541_p2     |        or|   0|  0|   2|           1|           1|
    |or_ln23_29_fu_3590_p2     |        or|   0|  0|   2|           1|           1|
    |or_ln23_2_fu_2494_p2      |        or|   0|  0|   2|           1|           1|
    |or_ln23_30_fu_3936_p2     |        or|   0|  0|   2|           1|           1|
    |or_ln23_31_fu_4826_p2     |        or|   0|  0|   2|           1|           1|
    |or_ln23_32_fu_3986_p2     |        or|   0|  0|   2|           1|           1|
    |or_ln23_33_fu_4876_p2     |        or|   0|  0|   2|           1|           1|
    |or_ln23_34_fu_4036_p2     |        or|   0|  0|   2|           1|           1|
    |or_ln23_35_fu_4926_p2     |        or|   0|  0|   2|           1|           1|
    |or_ln23_3_fu_2682_p2      |        or|   0|  0|   2|           1|           1|
    |or_ln23_4_fu_3144_p2      |        or|   0|  0|   2|           1|           1|
    |or_ln23_5_fu_3344_p2      |        or|   0|  0|   2|           1|           1|
    |or_ln23_6_fu_3639_p2      |        or|   0|  0|   2|           1|           1|
    |or_ln23_7_fu_4526_p2      |        or|   0|  0|   2|           1|           1|
    |or_ln23_8_fu_3688_p2      |        or|   0|  0|   2|           1|           1|
    |or_ln23_9_fu_4576_p2      |        or|   0|  0|   2|           1|           1|
    |or_ln23_fu_2394_p2        |        or|   0|  0|   2|           1|           1|
    |or_ln34_10_fu_5876_p2     |        or|   0|  0|   2|           1|           1|
    |or_ln34_11_fu_5894_p2     |        or|   0|  0|   2|           1|           1|
    |or_ln34_12_fu_4102_p2     |        or|   0|  0|   2|           1|           1|
    |or_ln34_13_fu_4120_p2     |        or|   0|  0|   2|           1|           1|
    |or_ln34_14_fu_5168_p2     |        or|   0|  0|   2|           1|           1|
    |or_ln34_15_fu_5186_p2     |        or|   0|  0|   2|           1|           1|
    |or_ln34_16_fu_5964_p2     |        or|   0|  0|   2|           1|           1|
    |or_ln34_17_fu_5982_p2     |        or|   0|  0|   2|           1|           1|
    |or_ln34_18_fu_2984_p2     |        or|   0|  0|   2|           1|           1|
    |or_ln34_19_fu_3002_p2     |        or|   0|  0|   2|           1|           1|
    |or_ln34_1_fu_2628_p2      |        or|   0|  0|   2|           1|           1|
    |or_ln34_20_fu_5256_p2     |        or|   0|  0|   2|           1|           1|
    |or_ln34_21_fu_5274_p2     |        or|   0|  0|   2|           1|           1|
    |or_ln34_22_fu_6060_p2     |        or|   0|  0|   2|           1|           1|
    |or_ln34_23_fu_6078_p2     |        or|   0|  0|   2|           1|           1|
    |or_ln34_24_fu_3072_p2     |        or|   0|  0|   2|           1|           1|
    |or_ln34_25_fu_3090_p2     |        or|   0|  0|   2|           1|           1|
    |or_ln34_26_fu_5344_p2     |        or|   0|  0|   2|           1|           1|
    |or_ln34_27_fu_5362_p2     |        or|   0|  0|   2|           1|           1|
    |or_ln34_28_fu_6148_p2     |        or|   0|  0|   2|           1|           1|
    |or_ln34_29_fu_6166_p2     |        or|   0|  0|   2|           1|           1|
    |or_ln34_2_fu_4992_p2      |        or|   0|  0|   2|           1|           1|
    |or_ln34_30_fu_4190_p2     |        or|   0|  0|   2|           1|           1|
    |or_ln34_31_fu_4208_p2     |        or|   0|  0|   2|           1|           1|
    |or_ln34_32_fu_5432_p2     |        or|   0|  0|   2|           1|           1|
    |or_ln34_33_fu_5450_p2     |        or|   0|  0|   2|           1|           1|
    |or_ln34_34_fu_6244_p2     |        or|   0|  0|   2|           1|           1|
    |or_ln34_35_fu_6262_p2     |        or|   0|  0|   2|           1|           1|
    |or_ln34_36_fu_4278_p2     |        or|   0|  0|   2|           1|           1|
    |or_ln34_37_fu_4296_p2     |        or|   0|  0|   2|           1|           1|
    |or_ln34_38_fu_5520_p2     |        or|   0|  0|   2|           1|           1|
    |or_ln34_39_fu_5538_p2     |        or|   0|  0|   2|           1|           1|
    |or_ln34_3_fu_5010_p2      |        or|   0|  0|   2|           1|           1|
    |or_ln34_40_fu_6332_p2     |        or|   0|  0|   2|           1|           1|
    |or_ln34_41_fu_6350_p2     |        or|   0|  0|   2|           1|           1|
    |or_ln34_42_fu_4366_p2     |        or|   0|  0|   2|           1|           1|
    |or_ln34_43_fu_4384_p2     |        or|   0|  0|   2|           1|           1|
    |or_ln34_44_fu_5608_p2     |        or|   0|  0|   2|           1|           1|
    |or_ln34_45_fu_5626_p2     |        or|   0|  0|   2|           1|           1|
    |or_ln34_46_fu_6428_p2     |        or|   0|  0|   2|           1|           1|
    |or_ln34_47_fu_6446_p2     |        or|   0|  0|   2|           1|           1|
    |or_ln34_48_fu_4454_p2     |        or|   0|  0|   2|           1|           1|
    |or_ln34_49_fu_4472_p2     |        or|   0|  0|   2|           1|           1|
    |or_ln34_4_fu_5784_p2      |        or|   0|  0|   2|           1|           1|
    |or_ln34_50_fu_5696_p2     |        or|   0|  0|   2|           1|           1|
    |or_ln34_51_fu_5714_p2     |        or|   0|  0|   2|           1|           1|
    |or_ln34_52_fu_6520_p2     |        or|   0|  0|   2|           1|           1|
    |or_ln34_53_fu_6538_p2     |        or|   0|  0|   2|           1|           1|
    |or_ln34_5_fu_5802_p2      |        or|   0|  0|   2|           1|           1|
    |or_ln34_6_fu_2896_p2      |        or|   0|  0|   2|           1|           1|
    |or_ln34_7_fu_2914_p2      |        or|   0|  0|   2|           1|           1|
    |or_ln34_8_fu_5080_p2      |        or|   0|  0|   2|           1|           1|
    |or_ln34_9_fu_5098_p2      |        or|   0|  0|   2|           1|           1|
    |or_ln34_fu_2610_p2        |        or|   0|  0|   2|           1|           1|
    |maxval_10_fu_5116_p3      |    select|   0|  0|  32|           1|          32|
    |maxval_12_fu_5912_p3      |    select|   0|  0|  32|           1|          32|
    |maxval_15_fu_4138_p3      |    select|   0|  0|  32|           1|          32|
    |maxval_17_fu_5204_p3      |    select|   0|  0|  32|           1|          32|
    |maxval_19_fu_6000_p3      |    select|   0|  0|  32|           1|          32|
    |maxval_1_fu_2646_p3       |    select|   0|  0|  32|           1|          32|
    |maxval_22_fu_3020_p3      |    select|   0|  0|  32|           1|          32|
    |maxval_24_fu_5292_p3      |    select|   0|  0|  32|           1|          32|
    |maxval_26_fu_6096_p3      |    select|   0|  0|  32|           1|          32|
    |maxval_29_fu_3108_p3      |    select|   0|  0|  32|           1|          32|
    |maxval_31_fu_5380_p3      |    select|   0|  0|  32|           1|          32|
    |maxval_33_fu_6184_p3      |    select|   0|  0|  32|           1|          32|
    |maxval_36_fu_4226_p3      |    select|   0|  0|  32|           1|          32|
    |maxval_38_fu_5468_p3      |    select|   0|  0|  32|           1|          32|
    |maxval_3_fu_5028_p3       |    select|   0|  0|  32|           1|          32|
    |maxval_40_fu_6280_p3      |    select|   0|  0|  32|           1|          32|
    |maxval_43_fu_4314_p3      |    select|   0|  0|  32|           1|          32|
    |maxval_45_fu_5556_p3      |    select|   0|  0|  32|           1|          32|
    |maxval_47_fu_6368_p3      |    select|   0|  0|  32|           1|          32|
    |maxval_50_fu_4402_p3      |    select|   0|  0|  32|           1|          32|
    |maxval_52_fu_5644_p3      |    select|   0|  0|  32|           1|          32|
    |maxval_54_fu_6464_p3      |    select|   0|  0|  32|           1|          32|
    |maxval_57_fu_4490_p3      |    select|   0|  0|  32|           1|          32|
    |maxval_59_fu_5732_p3      |    select|   0|  0|  32|           1|          32|
    |maxval_5_fu_5820_p3       |    select|   0|  0|  32|           1|          32|
    |maxval_61_fu_6556_p3      |    select|   0|  0|  32|           1|          32|
    |maxval_62_fu_2406_p3      |    select|   0|  0|  32|           1|          32|
    |maxval_63_fu_3156_p3      |    select|   0|  0|  32|           1|          32|
    |maxval_64_fu_2556_p3      |    select|   0|  0|  32|           1|          32|
    |maxval_65_fu_2794_p3      |    select|   0|  0|  32|           1|          32|
    |maxval_66_fu_3206_p3      |    select|   0|  0|  32|           1|          32|
    |maxval_67_fu_3256_p3      |    select|   0|  0|  32|           1|          32|
    |maxval_68_fu_3455_p3      |    select|   0|  0|  32|           1|          32|
    |maxval_69_fu_3553_p3      |    select|   0|  0|  32|           1|          32|
    |maxval_8_fu_2932_p3       |    select|   0|  0|  32|           1|          32|
    |maxval_fu_2506_p3         |    select|   0|  0|  32|           1|          32|
    |val_36_fu_3651_p3         |    select|   0|  0|  32|           1|          32|
    |val_37_fu_4538_p3         |    select|   0|  0|  32|           1|          32|
    |val_38_fu_2694_p3         |    select|   0|  0|  32|           1|          32|
    |val_39_fu_3700_p3         |    select|   0|  0|  32|           1|          32|
    |val_40_fu_4588_p3         |    select|   0|  0|  32|           1|          32|
    |val_41_fu_3356_p3         |    select|   0|  0|  32|           1|          32|
    |val_42_fu_3750_p3         |    select|   0|  0|  32|           1|          32|
    |val_43_fu_4638_p3         |    select|   0|  0|  32|           1|          32|
    |val_44_fu_2744_p3         |    select|   0|  0|  32|           1|          32|
    |val_45_fu_3800_p3         |    select|   0|  0|  32|           1|          32|
    |val_46_fu_4688_p3         |    select|   0|  0|  32|           1|          32|
    |val_47_fu_2843_p3         |    select|   0|  0|  32|           1|          32|
    |val_48_fu_3849_p3         |    select|   0|  0|  32|           1|          32|
    |val_49_fu_4738_p3         |    select|   0|  0|  32|           1|          32|
    |val_50_fu_3406_p3         |    select|   0|  0|  32|           1|          32|
    |val_51_fu_3898_p3         |    select|   0|  0|  32|           1|          32|
    |val_52_fu_4788_p3         |    select|   0|  0|  32|           1|          32|
    |val_53_fu_3306_p3         |    select|   0|  0|  32|           1|          32|
    |val_54_fu_3948_p3         |    select|   0|  0|  32|           1|          32|
    |val_55_fu_4838_p3         |    select|   0|  0|  32|           1|          32|
    |val_56_fu_3504_p3         |    select|   0|  0|  32|           1|          32|
    |val_57_fu_3998_p3         |    select|   0|  0|  32|           1|          32|
    |val_58_fu_4888_p3         |    select|   0|  0|  32|           1|          32|
    |val_59_fu_3602_p3         |    select|   0|  0|  32|           1|          32|
    |val_60_fu_4048_p3         |    select|   0|  0|  32|           1|          32|
    |val_61_fu_4938_p3         |    select|   0|  0|  32|           1|          32|
    |val_fu_2456_p3            |    select|   0|  0|  32|           1|          32|
    |ap_enable_pp0             |       xor|   0|  0|   2|           1|           2|
    +--------------------------+----------+----+---+----+------------+------------+
    |Total                     |          |   0|  0|6428|        3034|        2468|
    +--------------------------+----------+----+---+----+------------+------------+

    * Multiplexer: 
    +-------------------------+-----+-----------+-----+-----------+
    |           Name          | LUT | Input Size| Bits| Total Bits|
    +-------------------------+-----+-----------+-----+-----------+
    |ap_NS_fsm                |  149|         33|    1|         33|
    |ap_enable_reg_pp0_iter0  |    9|          2|    1|          2|
    |grp_fu_1001_p0           |  139|         28|   32|        896|
    |grp_fu_1001_p1           |   29|          7|   32|        224|
    |grp_fu_1005_p0           |  139|         28|   32|        896|
    |grp_fu_1005_p1           |   33|          8|   32|        256|
    |grp_fu_1009_p0           |  145|         32|   32|       1024|
    |grp_fu_1009_p1           |   57|         14|   32|        448|
    |grp_fu_1014_p0           |  129|         26|   32|        832|
    |grp_fu_1014_p1           |   81|         17|   32|        544|
    |grp_fu_913_p0            |   53|         13|   32|        416|
    |grp_fu_913_p1            |  118|         24|   32|        768|
    |grp_fu_918_p0            |   61|         15|   32|        480|
    |grp_fu_918_p1            |  129|         26|   32|        832|
    |grp_fu_923_p0            |   97|         20|   32|        640|
    |grp_fu_923_p1            |  129|         26|   32|        832|
    |grp_fu_928_p0            |   91|         19|   32|        608|
    |grp_fu_928_p1            |  134|         27|   32|        864|
    |grp_fu_933_p0            |   91|         19|   32|        608|
    |grp_fu_933_p1            |  145|         29|   32|        928|
    |grp_fu_937_p0            |   86|         18|   32|        576|
    |grp_fu_937_p1            |  145|         31|   32|        992|
    |grp_fu_943_p0            |  107|         22|   32|        704|
    |grp_fu_943_p1            |  145|         31|   32|        992|
    |grp_fu_947_p0            |  107|         22|   32|        704|
    |grp_fu_947_p1            |  145|         30|   32|        960|
    |grp_fu_953_p0            |  107|         22|   32|        704|
    |grp_fu_953_p1            |  129|         26|   32|        832|
    |grp_fu_957_p0            |   65|         16|   32|        512|
    |grp_fu_957_p1            |  129|         26|   32|        832|
    |grp_fu_961_p0            |   57|         14|   32|        448|
    |grp_fu_961_p1            |  113|         23|   32|        736|
    |grp_fu_965_p0            |  145|         32|   32|       1024|
    |grp_fu_965_p1            |   49|         12|   32|        384|
    |grp_fu_969_p0            |  145|         32|   32|       1024|
    |grp_fu_969_p1            |   53|         13|   32|        416|
    |grp_fu_973_p0            |  145|         32|   32|       1024|
    |grp_fu_973_p1            |   49|         12|   32|        384|
    |grp_fu_977_p0            |  145|         31|   32|        992|
    |grp_fu_977_p1            |   45|         11|   32|        352|
    |grp_fu_981_p0            |  145|         31|   32|        992|
    |grp_fu_981_p1            |   53|         13|   32|        416|
    |grp_fu_985_p0            |  145|         30|   32|        960|
    |grp_fu_985_p1            |   41|         10|   32|        320|
    |grp_fu_989_p0            |  139|         28|   32|        896|
    |grp_fu_989_p1            |   37|          9|   32|        288|
    |grp_fu_993_p0            |  145|         29|   32|        928|
    |grp_fu_993_p1            |   41|         10|   32|        320|
    |grp_fu_997_p0            |  145|         29|   32|        928|
    |grp_fu_997_p1            |   33|          8|   32|        256|
    |input_r_address0_local   |  149|         33|    6|        198|
    |input_r_address1_local   |  149|         33|    6|        198|
    |output_r_address0_local  |   25|          6|    4|         24|
    |output_r_address1_local  |   21|          5|    4|         20|
    |output_r_d0_local        |   25|          6|   32|        192|
    |output_r_d1_local        |   21|          5|   32|        160|
    +-------------------------+-----+-----------+-----+-----------+
    |Total                    | 5383|       1154| 1622|      33819|
    +-------------------------+-----+-----------+-----+-----------+

    * Register: 
    +-------------------------------------+-----+----+-----+-----------+
    |                 Name                |  FF | LUT| Bits| Const Bits|
    +-------------------------------------+-----+----+-----+-----------+
    |ap_CS_fsm                            |   32|   0|   32|          0|
    |ap_enable_reg_pp0_iter0_reg          |    1|   0|    1|          0|
    |ap_enable_reg_pp0_iter1              |    1|   0|    1|          0|
    |ap_enable_reg_pp0_iter2              |    1|   0|    1|          0|
    |bitcast_ln20_11_reg_6725             |   32|   0|   32|          0|
    |bitcast_ln20_13_reg_6686             |   32|   0|   32|          0|
    |bitcast_ln20_14_reg_6739             |   32|   0|   32|          0|
    |bitcast_ln20_15_reg_6804             |   32|   0|   32|          0|
    |bitcast_ln20_16_reg_6748             |   32|   0|   32|          0|
    |bitcast_ln20_17_reg_7852             |   32|   0|   32|          0|
    |bitcast_ln20_1_reg_6601              |   32|   0|   32|          0|
    |bitcast_ln20_20_reg_6776             |   32|   0|   32|          0|
    |bitcast_ln20_23_reg_6826             |   32|   0|   32|          0|
    |bitcast_ln20_25_reg_7388             |   32|   0|   32|          0|
    |bitcast_ln20_26_reg_6866             |   32|   0|   32|          0|
    |bitcast_ln20_29_reg_7600             |   32|   0|   32|          0|
    |bitcast_ln20_32_reg_7737             |   32|   0|   32|          0|
    |bitcast_ln20_33_reg_7161             |   32|   0|   32|          0|
    |bitcast_ln20_34_reg_7428             |   32|   0|   32|          0|
    |bitcast_ln20_35_reg_7208             |   32|   0|   32|          0|
    |bitcast_ln20_36_reg_7436             |   32|   0|   32|          0|
    |bitcast_ln20_37_reg_7218             |   32|   0|   32|          0|
    |bitcast_ln20_38_reg_7488             |   32|   0|   32|          0|
    |bitcast_ln20_39_reg_7676             |   32|   0|   32|          0|
    |bitcast_ln20_3_reg_6620              |   32|   0|   32|          0|
    |bitcast_ln20_40_reg_7869             |   32|   0|   32|          0|
    |bitcast_ln20_42_reg_6946             |   32|   0|   32|          0|
    |bitcast_ln20_43_reg_6991             |   32|   0|   32|          0|
    |bitcast_ln20_44_reg_7001             |   32|   0|   32|          0|
    |bitcast_ln20_45_reg_7052             |   32|   0|   32|          0|
    |bitcast_ln20_46_reg_7069             |   32|   0|   32|          0|
    |bitcast_ln20_47_reg_7642             |   32|   0|   32|          0|
    |bitcast_ln20_48_reg_7820             |   32|   0|   32|          0|
    |bitcast_ln20_49_reg_7294             |   32|   0|   32|          0|
    |bitcast_ln20_50_reg_7504             |   32|   0|   32|          0|
    |bitcast_ln20_51_reg_7300             |   32|   0|   32|          0|
    |bitcast_ln20_52_reg_7563             |   32|   0|   32|          0|
    |bitcast_ln20_53_reg_7358             |   32|   0|   32|          0|
    |bitcast_ln20_54_reg_7573             |   32|   0|   32|          0|
    |bitcast_ln20_55_reg_7684             |   32|   0|   32|          0|
    |bitcast_ln20_56_reg_7891             |   32|   0|   32|          0|
    |bitcast_ln20_59_reg_7954             |   32|   0|   32|          0|
    |bitcast_ln20_5_reg_6650              |   32|   0|   32|          0|
    |bitcast_ln20_60_reg_8077             |   32|   0|   32|          0|
    |bitcast_ln20_61_reg_8027             |   32|   0|   32|          0|
    |bitcast_ln20_62_reg_8086             |   32|   0|   32|          0|
    |bitcast_ln20_7_reg_6665              |   32|   0|   32|          0|
    |bitcast_ln20_9_reg_6711              |   32|   0|   32|          0|
    |maxval_10_reg_8891                   |   32|   0|   32|          0|
    |maxval_12_reg_8952                   |   32|   0|   32|          0|
    |maxval_15_reg_8786                   |   32|   0|   32|          0|
    |maxval_17_reg_8898                   |   32|   0|   32|          0|
    |maxval_19_reg_8957                   |   32|   0|   32|          0|
    |maxval_1_reg_8537                    |   32|   0|   32|          0|
    |maxval_22_reg_8611                   |   32|   0|   32|          0|
    |maxval_24_reg_8905                   |   32|   0|   32|          0|
    |maxval_26_reg_8962                   |   32|   0|   32|          0|
    |maxval_29_reg_8618                   |   32|   0|   32|          0|
    |maxval_31_reg_8912                   |   32|   0|   32|          0|
    |maxval_33_reg_8967                   |   32|   0|   32|          0|
    |maxval_36_reg_8793                   |   32|   0|   32|          0|
    |maxval_38_reg_8919                   |   32|   0|   32|          0|
    |maxval_3_reg_8884                    |   32|   0|   32|          0|
    |maxval_40_reg_8972                   |   32|   0|   32|          0|
    |maxval_43_reg_8800                   |   32|   0|   32|          0|
    |maxval_45_reg_8926                   |   32|   0|   32|          0|
    |maxval_47_reg_8977                   |   32|   0|   32|          0|
    |maxval_50_reg_8807                   |   32|   0|   32|          0|
    |maxval_52_reg_8933                   |   32|   0|   32|          0|
    |maxval_54_reg_8982                   |   32|   0|   32|          0|
    |maxval_57_reg_8814                   |   32|   0|   32|          0|
    |maxval_59_reg_8940                   |   32|   0|   32|          0|
    |maxval_5_reg_8947                    |   32|   0|   32|          0|
    |maxval_61_reg_8987                   |   32|   0|   32|          0|
    |maxval_62_reg_8504                   |   32|   0|   32|          0|
    |maxval_63_reg_8632                   |   32|   0|   32|          0|
    |maxval_64_reg_8530                   |   32|   0|   32|          0|
    |maxval_65_reg_8585                   |   32|   0|   32|          0|
    |maxval_66_reg_8639                   |   32|   0|   32|          0|
    |maxval_67_reg_8660                   |   32|   0|   32|          0|
    |maxval_68_reg_8695                   |   32|   0|   32|          0|
    |maxval_69_reg_8709                   |   32|   0|   32|          0|
    |maxval_8_reg_8604                    |   32|   0|   32|          0|
    |maxval_reg_8523                      |   32|   0|   32|          0|
    |mul_1478_1_1_reg_7274                |   32|   0|   32|          0|
    |mul_1478_1_2_reg_7538                |   32|   0|   32|          0|
    |mul_1478_2_1_reg_7027                |   32|   0|   32|          0|
    |mul_1478_2_2_reg_8047                |   32|   0|   32|          0|
    |mul_1478_2_reg_6854                  |   32|   0|   32|          0|
    |mul_1592_1_reg_7483                  |   32|   0|   32|          0|
    |mul_1592_2_reg_7269                  |   32|   0|   32|          0|
    |mul_1_1455_1_reg_6879                |   32|   0|   32|          0|
    |mul_1_1455_2_reg_6884                |   32|   0|   32|          0|
    |mul_1_1455_2_reg_6884_pp0_iter1_reg  |   32|   0|   32|          0|
    |mul_1_1_1_1_reg_6894                 |   32|   0|   32|          0|
    |mul_1_1_1_2_reg_6924                 |   32|   0|   32|          0|
    |mul_1_1_1_2_reg_6924_pp0_iter1_reg   |   32|   0|   32|          0|
    |mul_1_1_1_reg_6889                   |   32|   0|   32|          0|
    |mul_1_1_2_1_reg_7979                 |   32|   0|   32|          0|
    |mul_1_1_2_2_reg_8318                 |   32|   0|   32|          0|
    |mul_1_1_2_reg_7744                   |   32|   0|   32|          0|
    |mul_1_1_3_reg_7553                   |   32|   0|   32|          0|
    |mul_1_1_s_reg_7284                   |   32|   0|   32|          0|
    |mul_1_2461_1_reg_7913                |   32|   0|   32|          0|
    |mul_1_2461_2_reg_8249                |   32|   0|   32|          0|
    |mul_1_2_1_1_reg_6929                 |   32|   0|   32|          0|
    |mul_1_2_1_2_reg_6976                 |   32|   0|   32|          0|
    |mul_1_2_1_reg_6899                   |   32|   0|   32|          0|
    |mul_1_2_2_1_reg_7918                 |   32|   0|   32|          0|
    |mul_1_2_2_2_reg_8323                 |   32|   0|   32|          0|
    |mul_1_2_2_reg_7448                   |   32|   0|   32|          0|
    |mul_1_3_1_1_reg_6981                 |   32|   0|   32|          0|
    |mul_1_3_1_2_reg_7037                 |   32|   0|   32|          0|
    |mul_1_3_1_2_reg_7037_pp0_iter1_reg   |   32|   0|   32|          0|
    |mul_1_3_1_reg_6934                   |   32|   0|   32|          0|
    |mul_1_3_2_1_reg_7984                 |   32|   0|   32|          0|
    |mul_1_3_2_2_reg_8328                 |   32|   0|   32|          0|
    |mul_1_3_2_reg_7749                   |   32|   0|   32|          0|
    |mul_1_3_3_reg_7558                   |   32|   0|   32|          0|
    |mul_1_4_1_1_reg_7042                 |   32|   0|   32|          0|
    |mul_1_4_1_2_reg_7754                 |   32|   0|   32|          0|
    |mul_1_4_1_reg_6986                   |   32|   0|   32|          0|
    |mul_1_4_2_1_reg_7923                 |   32|   0|   32|          0|
    |mul_1_4_2_2_reg_8333                 |   32|   0|   32|          0|
    |mul_1_4_2_reg_7499                   |   32|   0|   32|          0|
    |mul_1_5_1_1_reg_7759                 |   32|   0|   32|          0|
    |mul_1_5_1_2_reg_7928                 |   32|   0|   32|          0|
    |mul_1_5_1_reg_7047                   |   32|   0|   32|          0|
    |mul_1_5_2_1_reg_7989                 |   32|   0|   32|          0|
    |mul_1_5_2_2_reg_8338                 |   32|   0|   32|          0|
    |mul_1_5_2_reg_7815                   |   32|   0|   32|          0|
    |mul_1_6_reg_7279                     |   32|   0|   32|          0|
    |mul_1_7_reg_6839                     |   32|   0|   32|          0|
    |mul_1_8_reg_7423                     |   32|   0|   32|          0|
    |mul_2491_1_1_reg_7543                |   32|   0|   32|          0|
    |mul_2491_1_2_reg_7338                |   32|   0|   32|          0|
    |mul_2491_2_1_reg_7106                |   32|   0|   32|          0|
    |mul_2491_2_reg_6914                  |   32|   0|   32|          0|
    |mul_2598_1_reg_6966                  |   32|   0|   32|          0|
    |mul_2_1383_2_reg_7398                |   32|   0|   32|          0|
    |mul_2_1_1_2_reg_7609                 |   32|   0|   32|          0|
    |mul_2_1_2_2_reg_8120                 |   32|   0|   32|          0|
    |mul_2_1_2_reg_7126                   |   32|   0|   32|          0|
    |mul_2_2389_2_reg_8115                |   32|   0|   32|          0|
    |mul_2_2_1_1_reg_7614                 |   32|   0|   32|          0|
    |mul_2_2_1_2_reg_7453                 |   32|   0|   32|          0|
    |mul_2_2_2_2_reg_8125                 |   32|   0|   32|          0|
    |mul_2_2_2_reg_7289                   |   32|   0|   32|          0|
    |mul_2_2_3_reg_7012                   |   32|   0|   32|          0|
    |mul_2_3_2_1_reg_7933                 |   32|   0|   32|          0|
    |mul_2_3_2_2_reg_8169                 |   32|   0|   32|          0|
    |mul_2_3_2_reg_7343                   |   32|   0|   32|          0|
    |mul_2_3_3_reg_7064                   |   32|   0|   32|          0|
    |mul_2_4_1_2_reg_7876                 |   32|   0|   32|          0|
    |mul_2_4_1_reg_7403                   |   32|   0|   32|          0|
    |mul_2_4_2_1_reg_7938                 |   32|   0|   32|          0|
    |mul_2_4_2_2_reg_8174                 |   32|   0|   32|          0|
    |mul_2_4_2_reg_7348                   |   32|   0|   32|          0|
    |mul_2_4_3_reg_7764                   |   32|   0|   32|          0|
    |mul_2_5_1_1_reg_7881                 |   32|   0|   32|          0|
    |mul_2_5_1_2_reg_8062                 |   32|   0|   32|          0|
    |mul_2_5_1_reg_7651                   |   32|   0|   32|          0|
    |mul_2_5_2_1_reg_7943                 |   32|   0|   32|          0|
    |mul_2_5_2_2_reg_8220                 |   32|   0|   32|          0|
    |mul_2_5_2_reg_7353                   |   32|   0|   32|          0|
    |mul_2_5_2_reg_7353_pp0_iter1_reg     |   32|   0|   32|          0|
    |mul_2_8_reg_7121                     |   32|   0|   32|          0|
    |mul_3504_2_1_reg_7111                |   32|   0|   32|          0|
    |mul_3504_2_1_reg_7111_pp0_iter1_reg  |   32|   0|   32|          0|
    |mul_3504_2_2_reg_8052                |   32|   0|   32|          0|
    |mul_3504_2_reg_6919                  |   32|   0|   32|          0|
    |mul_3_1311_1_reg_7131                |   32|   0|   32|          0|
    |mul_3_1311_2_reg_7168                |   32|   0|   32|          0|
    |mul_3_1_1_1_reg_7173                 |   32|   0|   32|          0|
    |mul_3_1_1_2_reg_7310                 |   32|   0|   32|          0|
    |mul_3_1_1_reg_7136                   |   32|   0|   32|          0|
    |mul_3_1_2_1_reg_7999                 |   32|   0|   32|          0|
    |mul_3_1_2_2_reg_8384                 |   32|   0|   32|          0|
    |mul_3_1_2_reg_7827                   |   32|   0|   32|          0|
    |mul_3_1_3_reg_7619                   |   32|   0|   32|          0|
    |mul_3_2317_1_reg_7994                |   32|   0|   32|          0|
    |mul_3_2317_2_reg_8343                |   32|   0|   32|          0|
    |mul_3_2_1_1_reg_7183                 |   32|   0|   32|          0|
    |mul_3_2_1_2_reg_7229                 |   32|   0|   32|          0|
    |mul_3_2_1_reg_7178                   |   32|   0|   32|          0|
    |mul_3_2_2_1_reg_8004                 |   32|   0|   32|          0|
    |mul_3_2_2_2_reg_8348                 |   32|   0|   32|          0|
    |mul_3_2_2_reg_7769                   |   32|   0|   32|          0|
    |mul_3_3_1_1_reg_7234                 |   32|   0|   32|          0|
    |mul_3_3_1_2_reg_7315                 |   32|   0|   32|          0|
    |mul_3_3_1_reg_7188                   |   32|   0|   32|          0|
    |mul_3_3_2_1_reg_8067                 |   32|   0|   32|          0|
    |mul_3_3_2_2_reg_8389                 |   32|   0|   32|          0|
    |mul_3_3_2_reg_7832                   |   32|   0|   32|          0|
    |mul_3_3_3_reg_7661                   |   32|   0|   32|          0|
    |mul_3_4_1_1_reg_7244                 |   32|   0|   32|          0|
    |mul_3_4_1_reg_7239                   |   32|   0|   32|          0|
    |mul_3_4_2_1_reg_8009                 |   32|   0|   32|          0|
    |mul_3_4_2_2_reg_8353                 |   32|   0|   32|          0|
    |mul_3_4_2_reg_7774                   |   32|   0|   32|          0|
    |mul_3_5_1_1_reg_7837                 |   32|   0|   32|          0|
    |mul_3_5_1_2_reg_8014                 |   32|   0|   32|          0|
    |mul_3_5_1_reg_7249                   |   32|   0|   32|          0|
    |mul_3_5_2_1_reg_8072                 |   32|   0|   32|          0|
    |mul_3_5_2_2_reg_8394                 |   32|   0|   32|          0|
    |mul_3_5_2_reg_7886                   |   32|   0|   32|          0|
    |mul_3_6_reg_7408                     |   32|   0|   32|          0|
    |mul_3_8_reg_7656                     |   32|   0|   32|          0|
    |mul_4517_1_1_reg_7548                |   32|   0|   32|          0|
    |mul_4517_1_2_reg_7794                |   32|   0|   32|          0|
    |mul_4517_2_1_reg_7116                |   32|   0|   32|          0|
    |mul_4517_2_1_reg_7116_pp0_iter1_reg  |   32|   0|   32|          0|
    |mul_4517_2_2_reg_8057                |   32|   0|   32|          0|
    |mul_4517_2_reg_6971                  |   32|   0|   32|          0|
    |mul_4517_2_reg_6971_pp0_iter1_reg    |   32|   0|   32|          0|
    |mul_4_1239_2_reg_7458                |   32|   0|   32|          0|
    |mul_4_1_1_1_reg_7463                 |   32|   0|   32|          0|
    |mul_4_1_1_2_reg_7692                 |   32|   0|   32|          0|
    |mul_4_1_2_1_reg_8130                 |   32|   0|   32|          0|
    |mul_4_1_2_2_reg_8259                 |   32|   0|   32|          0|
    |mul_4_2245_1_reg_8179                |   32|   0|   32|          0|
    |mul_4_2245_2_reg_8254                |   32|   0|   32|          0|
    |mul_4_2_1_1_reg_7697                 |   32|   0|   32|          0|
    |mul_4_2_1_2_reg_7513                 |   32|   0|   32|          0|
    |mul_4_2_1_reg_7468                   |   32|   0|   32|          0|
    |mul_4_2_2_2_reg_8264                 |   32|   0|   32|          0|
    |mul_4_2_3_reg_7254                   |   32|   0|   32|          0|
    |mul_4_3_1_1_reg_7518                 |   32|   0|   32|          0|
    |mul_4_3_1_2_reg_7779                 |   32|   0|   32|          0|
    |mul_4_3_1_reg_7702                   |   32|   0|   32|          0|
    |mul_4_3_2_1_reg_8184                 |   32|   0|   32|          0|
    |mul_4_3_2_2_reg_8269                 |   32|   0|   32|          0|
    |mul_4_4_1_1_reg_7707                 |   32|   0|   32|          0|
    |mul_4_4_1_reg_7523                   |   32|   0|   32|          0|
    |mul_4_4_2_1_reg_8225                 |   32|   0|   32|          0|
    |mul_4_4_2_2_reg_8274                 |   32|   0|   32|          0|
    |mul_4_4_2_reg_8189                   |   32|   0|   32|          0|
    |mul_4_5_1_1_reg_7898                 |   32|   0|   32|          0|
    |mul_4_5_1_2_reg_8095                 |   32|   0|   32|          0|
    |mul_4_5_1_reg_7712                   |   32|   0|   32|          0|
    |mul_4_5_2_1_reg_8279                 |   32|   0|   32|          0|
    |mul_4_5_2_2_reg_8284                 |   32|   0|   32|          0|
    |mul_4_6_reg_7193                     |   32|   0|   32|          0|
    |mul_5530_1_1_reg_7799                |   32|   0|   32|          0|
    |mul_5530_1_2_reg_7974                |   32|   0|   32|          0|
    |mul_5530_2_1_reg_7864                |   32|   0|   32|          0|
    |mul_5530_2_2_reg_8110                |   32|   0|   32|          0|
    |mul_5530_2_reg_7032                  |   32|   0|   32|          0|
    |mul_5530_2_reg_7032_pp0_iter1_reg    |   32|   0|   32|          0|
    |mul_5_1167_2_reg_8149                |   32|   0|   32|          0|
    |mul_5_1_1_1_reg_8154                 |   32|   0|   32|          0|
    |mul_5_1_2_1_reg_8404                 |   32|   0|   32|          0|
    |mul_5_1_2_2_reg_8409                 |   32|   0|   32|          0|
    |mul_5_1_2_reg_8368                   |   32|   0|   32|          0|
    |mul_5_1_3_reg_7717                   |   32|   0|   32|          0|
    |mul_5_2173_1_reg_8363                |   32|   0|   32|          0|
    |mul_5_2173_2_reg_8399                |   32|   0|   32|          0|
    |mul_5_2_1_2_reg_8205                 |   32|   0|   32|          0|
    |mul_5_2_2_1_reg_8414                 |   32|   0|   32|          0|
    |mul_5_2_2_2_reg_8424                 |   32|   0|   32|          0|
    |mul_5_3_2_1_reg_8429                 |   32|   0|   32|          0|
    |mul_5_3_2_2_reg_8434                 |   32|   0|   32|          0|
    |mul_5_3_2_reg_8419                   |   32|   0|   32|          0|
    |mul_5_4_1_2_reg_8303                 |   32|   0|   32|          0|
    |mul_5_4_2_1_reg_8444                 |   32|   0|   32|          0|
    |mul_5_4_2_2_reg_8454                 |   32|   0|   32|          0|
    |mul_5_4_2_reg_8439                   |   32|   0|   32|          0|
    |mul_5_5_1_1_reg_8308                 |   32|   0|   32|          0|
    |mul_5_5_1_2_reg_8313                 |   32|   0|   32|          0|
    |mul_5_5_1_reg_8244                   |   32|   0|   32|          0|
    |mul_5_5_2_1_reg_8459                 |   32|   0|   32|          0|
    |mul_5_5_2_2_reg_8464                 |   32|   0|   32|          0|
    |mul_5_5_2_reg_8449                   |   32|   0|   32|          0|
    |mul_5_8_reg_8358                     |   32|   0|   32|          0|
    |mul_8_reg_6799                       |   32|   0|   32|          0|
    |reg_1019                             |   32|   0|   32|          0|
    |reg_1023                             |   32|   0|   32|          0|
    |reg_1027                             |   32|   0|   32|          0|
    |reg_1034                             |   32|   0|   32|          0|
    |reg_1039                             |   32|   0|   32|          0|
    |reg_1045                             |   32|   0|   32|          0|
    |reg_1050                             |   32|   0|   32|          0|
    |reg_1055                             |   32|   0|   32|          0|
    |reg_1062                             |   32|   0|   32|          0|
    |reg_1068                             |   32|   0|   32|          0|
    |reg_1074                             |   32|   0|   32|          0|
    |reg_1080                             |   32|   0|   32|          0|
    |reg_1087                             |   32|   0|   32|          0|
    |reg_1093                             |   32|   0|   32|          0|
    |reg_1102                             |   32|   0|   32|          0|
    |reg_1108                             |   32|   0|   32|          0|
    |reg_1113                             |   32|   0|   32|          0|
    |reg_1119                             |   32|   0|   32|          0|
    |reg_1125                             |   32|   0|   32|          0|
    |reg_1131                             |   32|   0|   32|          0|
    |reg_1139                             |   32|   0|   32|          0|
    |reg_1145                             |   32|   0|   32|          0|
    |reg_1151                             |   32|   0|   32|          0|
    |reg_1157                             |   32|   0|   32|          0|
    |reg_1164                             |   32|   0|   32|          0|
    |reg_1172                             |   32|   0|   32|          0|
    |reg_1177                             |   32|   0|   32|          0|
    |reg_1182                             |   32|   0|   32|          0|
    |reg_1188                             |   32|   0|   32|          0|
    |reg_1194                             |   32|   0|   32|          0|
    |reg_1201                             |   32|   0|   32|          0|
    |reg_1208                             |   32|   0|   32|          0|
    |reg_1213                             |   32|   0|   32|          0|
    |reg_1218                             |   32|   0|   32|          0|
    |reg_1224                             |   32|   0|   32|          0|
    |reg_1230                             |   32|   0|   32|          0|
    |reg_1236                             |   32|   0|   32|          0|
    |reg_1242                             |   32|   0|   32|          0|
    |reg_1248                             |   32|   0|   32|          0|
    |reg_1255                             |   32|   0|   32|          0|
    |reg_1261                             |   32|   0|   32|          0|
    |reg_1267                             |   32|   0|   32|          0|
    |reg_1273                             |   32|   0|   32|          0|
    |reg_1280                             |   32|   0|   32|          0|
    |reg_1287                             |   32|   0|   32|          0|
    |reg_1293                             |   32|   0|   32|          0|
    |reg_1299                             |   32|   0|   32|          0|
    |reg_1305                             |   32|   0|   32|          0|
    |reg_1312                             |   32|   0|   32|          0|
    |reg_1318                             |   32|   0|   32|          0|
    |reg_1324                             |   32|   0|   32|          0|
    |reg_1331                             |   32|   0|   32|          0|
    |reg_1337                             |   32|   0|   32|          0|
    |reg_1343                             |   32|   0|   32|          0|
    |reg_1349                             |   32|   0|   32|          0|
    |reg_1355                             |   32|   0|   32|          0|
    |reg_1362                             |   32|   0|   32|          0|
    |reg_1368                             |   32|   0|   32|          0|
    |reg_1375                             |   32|   0|   32|          0|
    |reg_1381                             |   32|   0|   32|          0|
    |reg_1387                             |   32|   0|   32|          0|
    |reg_1393                             |   32|   0|   32|          0|
    |reg_1399                             |   32|   0|   32|          0|
    |reg_1406                             |   32|   0|   32|          0|
    |reg_1413                             |   32|   0|   32|          0|
    |reg_1419                             |   32|   0|   32|          0|
    |reg_1426                             |   32|   0|   32|          0|
    |reg_1433                             |   32|   0|   32|          0|
    |reg_1439                             |   32|   0|   32|          0|
    |reg_1446                             |   32|   0|   32|          0|
    |reg_1452                             |   32|   0|   32|          0|
    |reg_1458                             |   32|   0|   32|          0|
    |reg_1464                             |   32|   0|   32|          0|
    |reg_1470                             |   32|   0|   32|          0|
    |reg_1476                             |   32|   0|   32|          0|
    |reg_1482                             |   32|   0|   32|          0|
    |reg_1488                             |   32|   0|   32|          0|
    |reg_1494                             |   32|   0|   32|          0|
    |reg_1500                             |   32|   0|   32|          0|
    |reg_1508                             |   32|   0|   32|          0|
    |reg_1515                             |   32|   0|   32|          0|
    |reg_1521                             |   32|   0|   32|          0|
    |reg_1529                             |   32|   0|   32|          0|
    |reg_1536                             |   32|   0|   32|          0|
    |reg_1542                             |   32|   0|   32|          0|
    |reg_1547                             |   32|   0|   32|          0|
    |reg_1555                             |   32|   0|   32|          0|
    |reg_1561                             |   32|   0|   32|          0|
    |reg_1567                             |   32|   0|   32|          0|
    |reg_1575                             |   32|   0|   32|          0|
    |reg_1581                             |   32|   0|   32|          0|
    |reg_1587                             |   32|   0|   32|          0|
    |reg_1594                             |   32|   0|   32|          0|
    |reg_1601                             |   32|   0|   32|          0|
    |reg_1609                             |   32|   0|   32|          0|
    |reg_1616                             |   32|   0|   32|          0|
    |reg_1624                             |   32|   0|   32|          0|
    |reg_1632                             |   32|   0|   32|          0|
    |reg_1639                             |   32|   0|   32|          0|
    |reg_1646                             |   32|   0|   32|          0|
    |reg_1653                             |   32|   0|   32|          0|
    |reg_1660                             |   32|   0|   32|          0|
    |reg_1666                             |   32|   0|   32|          0|
    |reg_1674                             |   32|   0|   32|          0|
    |reg_1681                             |   32|   0|   32|          0|
    |reg_1688                             |   32|   0|   32|          0|
    |reg_1696                             |   32|   0|   32|          0|
    |reg_1703                             |   32|   0|   32|          0|
    |reg_1711                             |   32|   0|   32|          0|
    |reg_1717                             |   32|   0|   32|          0|
    |reg_1724                             |   32|   0|   32|          0|
    |reg_1730                             |   32|   0|   32|          0|
    |reg_1737                             |   32|   0|   32|          0|
    |reg_1743                             |   32|   0|   32|          0|
    |reg_1750                             |   32|   0|   32|          0|
    |reg_1757                             |   32|   0|   32|          0|
    |reg_1763                             |   32|   0|   32|          0|
    |reg_1770                             |   32|   0|   32|          0|
    |reg_1777                             |   32|   0|   32|          0|
    |reg_1783                             |   32|   0|   32|          0|
    |reg_1789                             |   32|   0|   32|          0|
    |reg_1795                             |   32|   0|   32|          0|
    |reg_1801                             |   32|   0|   32|          0|
    |sum_106_reg_8599                     |   32|   0|   32|          0|
    |sum_114_reg_8479                     |   32|   0|   32|          0|
    |sum_124_reg_8489                     |   32|   0|   32|          0|
    |sum_143_reg_8559                     |   32|   0|   32|          0|
    |sum_15_reg_8469                      |   32|   0|   32|          0|
    |sum_186_reg_8499                     |   32|   0|   32|          0|
    |sum_187_reg_8554                     |   32|   0|   32|          0|
    |sum_188_reg_8688                     |   32|   0|   32|          0|
    |sum_241_reg_8518                     |   32|   0|   32|          0|
    |sum_242_reg_8625                     |   32|   0|   32|          0|
    |sum_24_reg_8474                      |   32|   0|   32|          0|
    |sum_25_reg_8484                      |   32|   0|   32|          0|
    |sum_260_reg_8646                     |   32|   0|   32|          0|
    |sum_34_reg_8494                      |   32|   0|   32|          0|
    |sum_61_reg_8544                      |   32|   0|   32|          0|
    |sum_62_reg_8653                      |   32|   0|   32|          0|
    |sum_88_reg_8580                      |   32|   0|   32|          0|
    |sum_97_reg_8549                      |   32|   0|   32|          0|
    |sum_99_reg_7810                      |   32|   0|   32|          0|
    |val_36_reg_8723                      |   32|   0|   32|          0|
    |val_37_reg_8821                      |   32|   0|   32|          0|
    |val_38_reg_8566                      |   32|   0|   32|          0|
    |val_39_reg_8730                      |   32|   0|   32|          0|
    |val_40_reg_8828                      |   32|   0|   32|          0|
    |val_41_reg_8674                      |   32|   0|   32|          0|
    |val_42_reg_8737                      |   32|   0|   32|          0|
    |val_43_reg_8835                      |   32|   0|   32|          0|
    |val_44_reg_8573                      |   32|   0|   32|          0|
    |val_45_reg_8744                      |   32|   0|   32|          0|
    |val_46_reg_8842                      |   32|   0|   32|          0|
    |val_47_reg_8592                      |   32|   0|   32|          0|
    |val_48_reg_8751                      |   32|   0|   32|          0|
    |val_49_reg_8849                      |   32|   0|   32|          0|
    |val_50_reg_8681                      |   32|   0|   32|          0|
    |val_51_reg_8758                      |   32|   0|   32|          0|
    |val_52_reg_8856                      |   32|   0|   32|          0|
    |val_53_reg_8667                      |   32|   0|   32|          0|
    |val_54_reg_8765                      |   32|   0|   32|          0|
    |val_55_reg_8863                      |   32|   0|   32|          0|
    |val_56_reg_8702                      |   32|   0|   32|          0|
    |val_57_reg_8772                      |   32|   0|   32|          0|
    |val_58_reg_8870                      |   32|   0|   32|          0|
    |val_59_reg_8716                      |   32|   0|   32|          0|
    |val_60_reg_8779                      |   32|   0|   32|          0|
    |val_61_reg_8877                      |   32|   0|   32|          0|
    |val_reg_8511                         |   32|   0|   32|          0|
    +-------------------------------------+-----+----+-----+-----------+
    |Total                                |14115|   0|14115|          0|
    +-------------------------------------+-----+----+-----+-----------+



================================================================
== Interface
================================================================
* Summary: 
+-------------------+-----+-----+------------+--------------+--------------+
|     RTL Ports     | Dir | Bits|  Protocol  | Source Object|    C Type    |
+-------------------+-----+-----+------------+--------------+--------------+
|ap_clk             |   in|    1|  ap_ctrl_hs|     cnn_block|  return value|
|ap_rst             |   in|    1|  ap_ctrl_hs|     cnn_block|  return value|
|ap_start           |   in|    1|  ap_ctrl_hs|     cnn_block|  return value|
|ap_done            |  out|    1|  ap_ctrl_hs|     cnn_block|  return value|
|ap_idle            |  out|    1|  ap_ctrl_hs|     cnn_block|  return value|
|ap_ready           |  out|    1|  ap_ctrl_hs|     cnn_block|  return value|
|input_r_address0   |  out|    6|   ap_memory|       input_r|         array|
|input_r_ce0        |  out|    1|   ap_memory|       input_r|         array|
|input_r_q0         |   in|   32|   ap_memory|       input_r|         array|
|input_r_address1   |  out|    6|   ap_memory|       input_r|         array|
|input_r_ce1        |  out|    1|   ap_memory|       input_r|         array|
|input_r_q1         |   in|   32|   ap_memory|       input_r|         array|
|output_r_address0  |  out|    4|   ap_memory|      output_r|         array|
|output_r_ce0       |  out|    1|   ap_memory|      output_r|         array|
|output_r_we0       |  out|    1|   ap_memory|      output_r|         array|
|output_r_d0        |  out|   32|   ap_memory|      output_r|         array|
|output_r_address1  |  out|    4|   ap_memory|      output_r|         array|
|output_r_ce1       |  out|    1|   ap_memory|      output_r|         array|
|output_r_we1       |  out|    1|   ap_memory|      output_r|         array|
|output_r_d1        |  out|   32|   ap_memory|      output_r|         array|
|kernel_0_0         |   in|   32|     ap_none|    kernel_0_0|       pointer|
|kernel_0_1         |   in|   32|     ap_none|    kernel_0_1|       pointer|
|kernel_0_2         |   in|   32|     ap_none|    kernel_0_2|       pointer|
|kernel_1_0         |   in|   32|     ap_none|    kernel_1_0|       pointer|
|kernel_1_1         |   in|   32|     ap_none|    kernel_1_1|       pointer|
|kernel_1_2         |   in|   32|     ap_none|    kernel_1_2|       pointer|
|kernel_2_0         |   in|   32|     ap_none|    kernel_2_0|       pointer|
|kernel_2_1         |   in|   32|     ap_none|    kernel_2_1|       pointer|
|kernel_2_2         |   in|   32|     ap_none|    kernel_2_2|       pointer|
+-------------------+-----+-----+------------+--------------+--------------+

